#
# There is insufficient memory for the Java Runtime Environment to continue.
# Native memory allocation (malloc) failed to allocate 1048576 bytes. Error detail: AllocateHeap
# Possible reasons:
#   The system is out of physical RAM or swap space
#   This process is running with CompressedOops enabled, and the Java Heap may be blocking the growth of the native heap
# Possible solutions:
#   Reduce memory load on the system
#   Increase physical memory or swap space
#   Check if swap backing store is full
#   Decrease Java heap size (-Xmx/-Xms)
#   Decrease number of Java threads
#   Decrease Java thread stack sizes (-Xss)
#   Set larger code cache with -XX:ReservedCodeCacheSize=
#   JVM is running with Unscaled Compressed Oops mode in which the Java heap is
#     placed in the first 4GB address space. The Java Heap base address is the
#     maximum limit for the native heap growth. Please use -XX:HeapBaseMinAddress
#     to set the Java Heap base and to place the Java Heap above 4GB virtual address.
# This output file may be truncated or incomplete.
#
#  Out of Memory Error (allocation.cpp:44), pid=6508, tid=11984
#
# JRE version: OpenJDK Runtime Environment Temurin-21.0.11+10 (21.0.11+10) (build 21.0.11+10-LTS)
# Java VM: OpenJDK 64-Bit Server VM Temurin-21.0.11+10 (21.0.11+10-LTS, mixed mode, sharing, tiered, compressed oops, compressed class ptrs, parallel gc, windows-amd64)
# No core dump will be written. Minidumps are not enabled by default on client versions of Windows
#

---------------  S U M M A R Y ------------

Command Line: --add-modules=ALL-SYSTEM --add-opens=java.base/java.util=ALL-UNNAMED --add-opens=java.base/java.lang=ALL-UNNAMED --add-opens=java.base/sun.nio.fs=ALL-UNNAMED -Declipse.application=org.eclipse.jdt.ls.core.id1 -Dosgi.bundles.defaultStartLevel=4 -Declipse.product=org.eclipse.jdt.ls.core.product -Djava.import.generatesMetadataFilesAtProjectRoot=false -DDetectVMInstallationsJob.disabled=true -Dfile.encoding=utf8 -XX:+UseParallelGC -XX:GCTimeRatio=4 -XX:AdaptiveSizePolicyWeight=90 -Dsun.zip.disableMemoryMapping=true -Xmx2G -Xms100m -Xlog:disable -javaagent:c:\Users\alexa\.vscode\extensions\redhat.java-1.55.0-win32-x64\lombok\lombok-1.18.39-4050.jar -XX:+HeapDumpOnOutOfMemoryError -XX:HeapDumpPath=c:\Users\alexa\AppData\Roaming\Code\User\workspaceStorage\a1ba852762d60c4520a3fdfa25685a51\redhat.java -Daether.dependencyCollector.impl=bf c:\Users\alexa\.vscode\extensions\redhat.java-1.55.0-win32-x64\server\plugins\org.eclipse.equinox.launcher_1.7.200.v20260619-2039.jar -configuration c:\Users\alexa\AppData\Roaming\Code\User\globalStorage\redhat.java\1.55.0\config_win -data c:\Users\alexa\AppData\Roaming\Code\User\workspaceStorage\a1ba852762d60c4520a3fdfa25685a51\redhat.java\jdt_ws --pipe=\\.\pipe\lsp-8428c267a64ae0cdbd18ccc5e6d17185-sock

Host: AMD Ryzen 3 3250U with Radeon Graphics         , 4 cores, 17G,  Windows 11 , 64 bit Build 26100 (10.0.26100.9168)
Time: Sun Aug 16 23:53:40 2026 Hora estándar de Venezuela elapsed time: 10989.672209 seconds (0d 3h 3m 9s)

---------------  T H R E A D  ---------------

Current thread (0x0000021caf9b3cc0):  JavaThread "Attach Listener" daemon [_thread_in_vm, id=11984, stack(0x0000006ae8a00000,0x0000006ae8b00000) (1024K)]

Stack: [0x0000006ae8a00000,0x0000006ae8b00000]
Native frames: (J=compiled Java code, j=interpreted, Vv=VM code, C=native code)
V  [jvm.dll+0x6d7e19]
V  [jvm.dll+0x8b5096]
V  [jvm.dll+0x8b764e]
V  [jvm.dll+0x8b7d33]
V  [jvm.dll+0x284596]
V  [jvm.dll+0xc13c7]
V  [jvm.dll+0x6d86c9]
V  [jvm.dll+0x133616]
V  [jvm.dll+0x3f868e]
V  [jvm.dll+0x85fb0d]
V  [jvm.dll+0x6d664d]
C  [ucrtbase.dll+0x2cd30]
C  [KERNEL32.DLL+0x2ccb7]
C  [ntdll.dll+0xaad6c]


---------------  P R O C E S S  ---------------

Threads class SMR info:
_java_thread_list=0x0000021cfa812bb0, length=33, elements={
0x0000021c96c0aae0, 0x0000021c9907c580, 0x0000021caf9b0c40, 0x0000021caf9b2f30,
0x0000021caf9b3cc0, 0x0000021caf9b6ee0, 0x0000021caf9b7940, 0x0000021caf9ba790,
0x0000021cafa295d0, 0x0000021cf17d3db0, 0x0000021cf1869c90, 0x0000021cf6877260,
0x0000021cf67b1040, 0x0000021cafa08660, 0x0000021cf6523c70, 0x0000021cf64b6f60,
0x0000021cf1a5e180, 0x0000021cf603e150, 0x0000021cf774e610, 0x0000021cf774eca0,
0x0000021cf774f9c0, 0x0000021cf774df80, 0x0000021cf7e6b7f0, 0x0000021cf7e6ec70,
0x0000021cf7e6f300, 0x0000021cf7e6cba0, 0x0000021cf7e6be80, 0x0000021cf7e6f990,
0x0000021cf7e6df50, 0x0000021cf7e6d230, 0x0000021cf7e70d40, 0x0000021cf7e71a60,
0x0000021cf7e713d0
}

Java Threads: ( => current thread )
  0x0000021c96c0aae0 JavaThread "main"                              [_thread_blocked, id=17128, stack(0x0000006ae8300000,0x0000006ae8400000) (1024K)]
  0x0000021c9907c580 JavaThread "Reference Handler"          daemon [_thread_blocked, id=10808, stack(0x0000006ae8700000,0x0000006ae8800000) (1024K)]
  0x0000021caf9b0c40 JavaThread "Finalizer"                  daemon [_thread_blocked, id=16644, stack(0x0000006ae8800000,0x0000006ae8900000) (1024K)]
  0x0000021caf9b2f30 JavaThread "Signal Dispatcher"          daemon [_thread_blocked, id=2864, stack(0x0000006ae8900000,0x0000006ae8a00000) (1024K)]
=>0x0000021caf9b3cc0 JavaThread "Attach Listener"            daemon [_thread_in_vm, id=11984, stack(0x0000006ae8a00000,0x0000006ae8b00000) (1024K)]
  0x0000021caf9b6ee0 JavaThread "Service Thread"             daemon [_thread_blocked, id=19232, stack(0x0000006ae8b00000,0x0000006ae8c00000) (1024K)]
  0x0000021caf9b7940 JavaThread "Monitor Deflation Thread"   daemon [_thread_blocked, id=17208, stack(0x0000006ae8c00000,0x0000006ae8d00000) (1024K)]
  0x0000021caf9ba790 JavaThread "C2 CompilerThread0"         daemon [_thread_blocked, id=16704, stack(0x0000006ae8d00000,0x0000006ae8e00000) (1024K)]
  0x0000021cafa295d0 JavaThread "C1 CompilerThread0"         daemon [_thread_blocked, id=16700, stack(0x0000006ae8e00000,0x0000006ae8f00000) (1024K)]
  0x0000021cf17d3db0 JavaThread "Common-Cleaner"             daemon [_thread_blocked, id=16900, stack(0x0000006ae8f00000,0x0000006ae9000000) (1024K)]
  0x0000021cf1869c90 JavaThread "Notification Thread"        daemon [_thread_blocked, id=1744, stack(0x0000006ae9000000,0x0000006ae9100000) (1024K)]
  0x0000021cf6877260 JavaThread "Active Thread: Equinox Container: 1060fc3a-0348-4a87-af39-8b60c6dc5e1c"        [_thread_blocked, id=15376, stack(0x0000006ae9500000,0x0000006ae9600000) (1024K)]
  0x0000021cf67b1040 JavaThread "Refresh Thread: Equinox Container: 1060fc3a-0348-4a87-af39-8b60c6dc5e1c" daemon [_thread_blocked, id=4276, stack(0x0000006ae9100000,0x0000006ae9200000) (1024K)]
  0x0000021cafa08660 JavaThread "Framework Event Dispatcher: Equinox Container: 1060fc3a-0348-4a87-af39-8b60c6dc5e1c" daemon [_thread_blocked, id=17600, stack(0x0000006ae9600000,0x0000006ae9700000) (1024K)]
  0x0000021cf6523c70 JavaThread "Start Level: Equinox Container: 1060fc3a-0348-4a87-af39-8b60c6dc5e1c" daemon [_thread_blocked, id=432, stack(0x0000006ae9700000,0x0000006ae9800000) (1024K)]
  0x0000021cf64b6f60 JavaThread "Bundle File Closer"         daemon [_thread_blocked, id=17860, stack(0x0000006ae9800000,0x0000006ae9900000) (1024K)]
  0x0000021cf1a5e180 JavaThread "SCR Component Actor"        daemon [_thread_blocked, id=17368, stack(0x0000006ae9900000,0x0000006ae9a00000) (1024K)]
  0x0000021cf603e150 JavaThread "Worker-JM"                         [_thread_blocked, id=17432, stack(0x0000006ae9b00000,0x0000006ae9c00000) (1024K)]
  0x0000021cf774e610 JavaThread "JNA Cleaner"                daemon [_thread_blocked, id=7232, stack(0x0000006ae9c00000,0x0000006ae9d00000) (1024K)]
  0x0000021cf774eca0 JavaThread "Worker-1"                          [_thread_blocked, id=15728, stack(0x0000006ae9e00000,0x0000006ae9f00000) (1024K)]
  0x0000021cf774f9c0 JavaThread "Java indexing"              daemon [_thread_blocked, id=17200, stack(0x0000006ae9f00000,0x0000006aea000000) (1024K)]
  0x0000021cf774df80 JavaThread "Thread-1"                   daemon [_thread_in_native, id=2800, stack(0x0000006aea600000,0x0000006aea700000) (1024K)]
  0x0000021cf7e6b7f0 JavaThread "Thread-2"                   daemon [_thread_in_native, id=17212, stack(0x0000006aea700000,0x0000006aea800000) (1024K)]
  0x0000021cf7e6ec70 JavaThread "Thread-3"                   daemon [_thread_in_native, id=17072, stack(0x0000006aea800000,0x0000006aea900000) (1024K)]
  0x0000021cf7e6f300 JavaThread "Thread-4"                   daemon [_thread_in_native, id=5024, stack(0x0000006aea900000,0x0000006aeaa00000) (1024K)]
  0x0000021cf7e6cba0 JavaThread "Thread-5"                   daemon [_thread_in_native, id=7236, stack(0x0000006aeaa00000,0x0000006aeab00000) (1024K)]
  0x0000021cf7e6be80 JavaThread "pool-2-thread-1"                   [_thread_blocked, id=8884, stack(0x0000006aeab00000,0x0000006aeac00000) (1024K)]
  0x0000021cf7e6f990 JavaThread "WorkspaceEventsHandler"            [_thread_blocked, id=19356, stack(0x0000006aeac00000,0x0000006aead00000) (1024K)]
  0x0000021cf7e6df50 JavaThread "pool-1-thread-1"                   [_thread_blocked, id=19428, stack(0x0000006aead00000,0x0000006aeae00000) (1024K)]
  0x0000021cf7e6d230 JavaThread "Timer-0"                           [_thread_blocked, id=16316, stack(0x0000006aeaf00000,0x0000006aeb000000) (1024K)]
  0x0000021cf7e70d40 JavaThread "Timer-1"                           [_thread_blocked, id=18780, stack(0x0000006ae8100000,0x0000006ae8200000) (1024K)]
  0x0000021cf7e71a60 JavaThread "Timer-2"                           [_thread_blocked, id=15272, stack(0x0000006ae8200000,0x0000006ae8300000) (1024K)]
  0x0000021cf7e713d0 JavaThread "Worker-6"                          [_thread_blocked, id=13364, stack(0x0000006ae9d00000,0x0000006ae9e00000) (1024K)]
Total: 33

Other Threads:
  0x0000021c990608f0 VMThread "VM Thread"                           [id=13528, stack(0x0000006ae8600000,0x0000006ae8700000) (1024K)]
  0x0000021caf94ca00 WatcherThread "VM Periodic Task Thread"        [id=12332, stack(0x0000006ae8500000,0x0000006ae8600000) (1024K)]
  0x0000021c98fdbf60 WorkerThread "GC Thread#0"                     [id=18076, stack(0x0000006ae8400000,0x0000006ae8500000) (1024K)]
  0x0000021cf62bb8a0 WorkerThread "GC Thread#1"                     [id=17076, stack(0x0000006ae9200000,0x0000006ae9300000) (1024K)]
  0x0000021cf1906590 WorkerThread "GC Thread#2"                     [id=11268, stack(0x0000006ae9300000,0x0000006ae9400000) (1024K)]
  0x0000021cf621b110 WorkerThread "GC Thread#3"                     [id=10596, stack(0x0000006ae9400000,0x0000006ae9500000) (1024K)]
Total: 6

Threads with active compile tasks:
Total: 0

VM state: not at safepoint (normal execution)

VM Mutex/Monitor currently owned by a thread: None

Heap address: 0x0000000080000000, size: 2048 MB, Compressed Oops mode: 32-bit

CDS archive(s) mapped at: [0x0000021cb0000000-0x0000021cb0ba0000-0x0000021cb0ba0000), size 12189696, SharedBaseAddress: 0x0000021cb0000000, ArchiveRelocationMode: 1.
Compressed class space mapped at: 0x0000021cb1000000-0x0000021cf1000000, reserved size: 1073741824
Narrow klass base: 0x0000021cb0000000, Narrow klass shift: 0, Narrow klass range: 0x100000000

GC Precious Log:
 CardTable entry size: 512
 CPUs: 4 total, 4 available
 Memory: 18381M
 Large Page Support: Disabled
 NUMA Support: Disabled
 Compressed Oops: Enabled (32-bit)
 Alignments: Space 512K, Generation 512K, Heap 2M
 Heap Min Capacity: 100M
 Heap Initial Capacity: 100M
 Heap Max Capacity: 2G
 Pre-touch: Disabled
 Parallel Workers: 4

Heap:
 PSYoungGen      total 6144K, used 4749K [0x00000000d5580000, 0x00000000d6080000, 0x0000000100000000)
  eden space 5120K, 73% used [0x00000000d5580000,0x00000000d5927240,0x00000000d5a80000)
  from space 1024K, 98% used [0x00000000d5e80000,0x00000000d5f7c2f0,0x00000000d5f80000)
  to   space 3072K, 0% used [0x00000000d5a80000,0x00000000d5a80000,0x00000000d5d80000)
 ParOldGen       total 404480K, used 404362K [0x0000000080000000, 0x0000000098b00000, 0x00000000d5580000)
  object space 404480K, 99% used [0x0000000080000000,0x0000000098ae2928,0x0000000098b00000)
 Metaspace       used 56059K, committed 57280K, reserved 1114112K
  class space    used 6192K, committed 6720K, reserved 1048576K

Card table byte_map: [0x0000021c98960000,0x0000021c98d70000] _byte_map_base: 0x0000021c98560000

Marking Bits: (ParMarkBitMap*) 0x00007fff03344460
 Begin Bits: [0x0000021cab470000, 0x0000021cad470000)
 End Bits:   [0x0000021cad470000, 0x0000021caf470000)

Polling page: 0x0000021c96e50000

Metaspace:

Usage:
  Non-class:     48.70 MB used.
      Class:      6.05 MB used.
       Both:     54.75 MB used.

Virtual space:
  Non-class space:       64.00 MB reserved,      49.38 MB ( 77%) committed,  1 nodes.
      Class space:        1.00 GB reserved,       6.56 MB ( <1%) committed,  1 nodes.
             Both:        1.06 GB reserved,      55.94 MB (  5%) committed. 

Chunk freelists:
   Non-Class:  14.34 MB
       Class:  9.45 MB
        Both:  23.79 MB

MaxMetaspaceSize: unlimited
CompressedClassSpaceSize: 1.00 GB
Initial GC threshold: 21.00 MB
Current GC threshold: 58.38 MB
CDS: on
 - commit_granule_bytes: 65536.
 - commit_granule_words: 8192.
 - virtual_space_node_default_size: 8388608.
 - enlarge_chunks_in_place: 1.
 - use_allocation_guard: 0.


Internal statistics:

num_allocs_failed_limit: 6.
num_arena_births: 918.
num_arena_deaths: 28.
num_vsnodes_births: 2.
num_vsnodes_deaths: 0.
num_space_committed: 895.
num_space_uncommitted: 0.
num_chunks_returned_to_freelist: 38.
num_chunks_taken_from_freelist: 3221.
num_chunk_merges: 5.
num_chunk_splits: 2016.
num_chunks_enlarged: 1231.
num_inconsistent_stats: 0.

CodeHeap 'non-profiled nmethods': size=120000Kb used=6478Kb max_used=6478Kb free=113521Kb
 bounds [0x0000021ca3c90000, 0x0000021ca42f0000, 0x0000021cab1c0000]
CodeHeap 'profiled nmethods': size=120000Kb used=16603Kb max_used=16603Kb free=103396Kb
 bounds [0x0000021c9c1c0000, 0x0000021c9d200000, 0x0000021ca36f0000]
CodeHeap 'non-nmethods': size=5760Kb used=1439Kb max_used=1477Kb free=4320Kb
 bounds [0x0000021ca36f0000, 0x0000021ca3960000, 0x0000021ca3c90000]
CodeCache: size=245760Kb, used=24520Kb, max_used=24558Kb, free=221237Kb
 total_blobs=8650, nmethods=7905, adapters=651, full_count=0
Compilation: enabled, stopped_count=0, restarted_count=0

Compilation events (20 events):
Event: 2668.033 Thread 0x0000021cafa295d0 8536       3       java.lang.ProcessHandleImpl::<init> (15 bytes)
Event: 2668.033 Thread 0x0000021cafa295d0 nmethod 8536 0x0000021c9d1f3210 code [0x0000021c9d1f33c0, 0x0000021c9d1f3530]
Event: 2728.037 Thread 0x0000021caf9ba790 8537       4       jdk.internal.misc.Unsafe::putIntOpaque (9 bytes)
Event: 2728.038 Thread 0x0000021caf9ba790 nmethod 8537 0x0000021ca42e1890 code [0x0000021ca42e1a20, 0x0000021ca42e1ab8]
Event: 3107.252 Thread 0x0000021caf9ba790 8538       4       java.util.HashMap::putIfAbsent (13 bytes)
Event: 3107.252 Thread 0x0000021cafa295d0 8540       3       org.eclipse.core.runtime.jobs.Job::getJobGroup (5 bytes)
Event: 3107.253 Thread 0x0000021cafa295d0 nmethod 8540 0x0000021c9d1f3610 code [0x0000021c9d1f37a0, 0x0000021c9d1f38c0]
Event: 3107.263 Thread 0x0000021caf9ba790 nmethod 8538 0x0000021ca42e1b90 code [0x0000021ca42e1de0, 0x0000021ca42e26b8]
Event: 3107.263 Thread 0x0000021caf9ba790 8539       4       java.util.HashMap$Node::setValue (12 bytes)
Event: 3107.264 Thread 0x0000021caf9ba790 nmethod 8539 0x0000021ca42e2e10 code [0x0000021ca42e2fa0, 0x0000021ca42e3048]
Event: 3407.253 Thread 0x0000021caf9ba790 8541       4       org.eclipse.core.internal.jobs.JobQueue::peek (26 bytes)
Event: 3407.255 Thread 0x0000021caf9ba790 nmethod 8541 0x0000021ca42e3110 code [0x0000021ca42e32a0, 0x0000021ca42e3350]
Event: 3423.968 Thread 0x0000021cafa295d0 8542       1       org.eclipse.osgi.internal.location.BasicLocation::isReadOnly (5 bytes)
Event: 3423.969 Thread 0x0000021cafa295d0 nmethod 8542 0x0000021ca42e3410 code [0x0000021ca42e35a0, 0x0000021ca42e3670]
Event: 10975.259 Thread 0x0000021cafa295d0 8543 % !   3       java.util.TimerThread::mainLoop @ 0 (232 bytes)
Event: 10975.261 Thread 0x0000021cafa295d0 nmethod 8543% 0x0000021c9d1f3990 code [0x0000021c9d1f3c60, 0x0000021c9d1f4b10]
Event: 10975.261 Thread 0x0000021cafa295d0 8544   !   3       java.util.TimerThread::mainLoop (232 bytes)
Event: 10975.263 Thread 0x0000021cafa295d0 nmethod 8544 0x0000021c9d1f5390 code [0x0000021c9d1f5640, 0x0000021c9d1f63e8]
Event: 10986.247 Thread 0x0000021caf9ba790 8545       4       java.util.LinkedHashMap::afterNodeInsertion (40 bytes)
Event: 10986.248 Thread 0x0000021caf9ba790 nmethod 8545 0x0000021ca42e3710 code [0x0000021ca42e38a0, 0x0000021ca42e3970]

GC Heap History (20 events):
Event: 405.890 GC heap before
{Heap before GC invocations=265 (full 2):
 PSYoungGen      total 5632K, used 5344K [0x00000000d5580000, 0x00000000d5f80000, 0x0000000100000000)
  eden space 5120K, 100% used [0x00000000d5580000,0x00000000d5a80000,0x00000000d5a80000)
  from space 512K, 43% used [0x00000000d5f00000,0x00000000d5f38000,0x00000000d5f80000)
  to   space 512K, 0% used [0x00000000d5e80000,0x00000000d5e80000,0x00000000d5f00000)
 ParOldGen       total 401408K, used 400958K [0x0000000080000000, 0x0000000098800000, 0x00000000d5580000)
  object space 401408K, 99% used [0x0000000080000000,0x000000009878f958,0x0000000098800000)
 Metaspace       used 53040K, committed 54272K, reserved 1114112K
  class space    used 5812K, committed 6336K, reserved 1048576K
}
Event: 405.892 GC heap after
{Heap after GC invocations=265 (full 2):
 PSYoungGen      total 5632K, used 96K [0x00000000d5580000, 0x00000000d5f80000, 0x0000000100000000)
  eden space 5120K, 0% used [0x00000000d5580000,0x00000000d5580000,0x00000000d5a80000)
  from space 512K, 18% used [0x00000000d5e80000,0x00000000d5e98000,0x00000000d5f00000)
  to   space 512K, 0% used [0x00000000d5f00000,0x00000000d5f00000,0x00000000d5f80000)
 ParOldGen       total 401408K, used 401150K [0x0000000080000000, 0x0000000098800000, 0x00000000d5580000)
  object space 401408K, 99% used [0x0000000080000000,0x00000000987bf958,0x0000000098800000)
 Metaspace       used 53040K, committed 54272K, reserved 1114112K
  class space    used 5812K, committed 6336K, reserved 1048576K
}
Event: 406.048 GC heap before
{Heap before GC invocations=266 (full 2):
 PSYoungGen      total 5632K, used 5216K [0x00000000d5580000, 0x00000000d5f80000, 0x0000000100000000)
  eden space 5120K, 100% used [0x00000000d5580000,0x00000000d5a80000,0x00000000d5a80000)
  from space 512K, 18% used [0x00000000d5e80000,0x00000000d5e98000,0x00000000d5f00000)
  to   space 512K, 0% used [0x00000000d5f00000,0x00000000d5f00000,0x00000000d5f80000)
 ParOldGen       total 401408K, used 401150K [0x0000000080000000, 0x0000000098800000, 0x00000000d5580000)
  object space 401408K, 99% used [0x0000000080000000,0x00000000987bf958,0x0000000098800000)
 Metaspace       used 53108K, committed 54400K, reserved 1114112K
  class space    used 5818K, committed 6400K, reserved 1048576K
}
Event: 406.049 GC heap after
{Heap after GC invocations=266 (full 2):
 PSYoungGen      total 5632K, used 128K [0x00000000d5580000, 0x00000000d5f80000, 0x0000000100000000)
  eden space 5120K, 0% used [0x00000000d5580000,0x00000000d5580000,0x00000000d5a80000)
  from space 512K, 25% used [0x00000000d5f00000,0x00000000d5f20000,0x00000000d5f80000)
  to   space 512K, 0% used [0x00000000d5e80000,0x00000000d5e80000,0x00000000d5f00000)
 ParOldGen       total 401408K, used 401198K [0x0000000080000000, 0x0000000098800000, 0x00000000d5580000)
  object space 401408K, 99% used [0x0000000080000000,0x00000000987cb958,0x0000000098800000)
 Metaspace       used 53108K, committed 54400K, reserved 1114112K
  class space    used 5818K, committed 6400K, reserved 1048576K
}
Event: 406.272 GC heap before
{Heap before GC invocations=267 (full 2):
 PSYoungGen      total 5632K, used 5248K [0x00000000d5580000, 0x00000000d5f80000, 0x0000000100000000)
  eden space 5120K, 100% used [0x00000000d5580000,0x00000000d5a80000,0x00000000d5a80000)
  from space 512K, 25% used [0x00000000d5f00000,0x00000000d5f20000,0x00000000d5f80000)
  to   space 512K, 0% used [0x00000000d5e80000,0x00000000d5e80000,0x00000000d5f00000)
 ParOldGen       total 401408K, used 401198K [0x0000000080000000, 0x0000000098800000, 0x00000000d5580000)
  object space 401408K, 99% used [0x0000000080000000,0x00000000987cb958,0x0000000098800000)
 Metaspace       used 53191K, committed 54464K, reserved 1114112K
  class space    used 5830K, committed 6400K, reserved 1048576K
}
Event: 406.274 GC heap after
{Heap after GC invocations=267 (full 2):
 PSYoungGen      total 5632K, used 120K [0x00000000d5580000, 0x00000000d5f80000, 0x0000000100000000)
  eden space 5120K, 0% used [0x00000000d5580000,0x00000000d5580000,0x00000000d5a80000)
  from space 512K, 23% used [0x00000000d5e80000,0x00000000d5e9e1b8,0x00000000d5f00000)
  to   space 512K, 0% used [0x00000000d5f00000,0x00000000d5f00000,0x00000000d5f80000)
 ParOldGen       total 401408K, used 401222K [0x0000000080000000, 0x0000000098800000, 0x00000000d5580000)
  object space 401408K, 99% used [0x0000000080000000,0x00000000987d1958,0x0000000098800000)
 Metaspace       used 53191K, committed 54464K, reserved 1114112K
  class space    used 5830K, committed 6400K, reserved 1048576K
}
Event: 406.322 GC heap before
{Heap before GC invocations=268 (full 2):
 PSYoungGen      total 5632K, used 5240K [0x00000000d5580000, 0x00000000d5f80000, 0x0000000100000000)
  eden space 5120K, 100% used [0x00000000d5580000,0x00000000d5a80000,0x00000000d5a80000)
  from space 512K, 23% used [0x00000000d5e80000,0x00000000d5e9e1b8,0x00000000d5f00000)
  to   space 512K, 0% used [0x00000000d5f00000,0x00000000d5f00000,0x00000000d5f80000)
 ParOldGen       total 401408K, used 401222K [0x0000000080000000, 0x0000000098800000, 0x00000000d5580000)
  object space 401408K, 99% used [0x0000000080000000,0x00000000987d1958,0x0000000098800000)
 Metaspace       used 53807K, committed 55040K, reserved 1114112K
  class space    used 5931K, committed 6464K, reserved 1048576K
}
Event: 406.324 GC heap after
{Heap after GC invocations=268 (full 2):
 PSYoungGen      total 5632K, used 297K [0x00000000d5580000, 0x00000000d5f80000, 0x0000000100000000)
  eden space 5120K, 0% used [0x00000000d5580000,0x00000000d5580000,0x00000000d5a80000)
  from space 512K, 58% used [0x00000000d5f00000,0x00000000d5f4a460,0x00000000d5f80000)
  to   space 512K, 0% used [0x00000000d5e80000,0x00000000d5e80000,0x00000000d5f00000)
 ParOldGen       total 401408K, used 401280K [0x0000000080000000, 0x0000000098800000, 0x00000000d5580000)
  object space 401408K, 99% used [0x0000000080000000,0x00000000987e0030,0x0000000098800000)
 Metaspace       used 53807K, committed 55040K, reserved 1114112K
  class space    used 5931K, committed 6464K, reserved 1048576K
}
Event: 406.559 GC heap before
{Heap before GC invocations=269 (full 2):
 PSYoungGen      total 5632K, used 5417K [0x00000000d5580000, 0x00000000d5f80000, 0x0000000100000000)
  eden space 5120K, 100% used [0x00000000d5580000,0x00000000d5a80000,0x00000000d5a80000)
  from space 512K, 58% used [0x00000000d5f00000,0x00000000d5f4a460,0x00000000d5f80000)
  to   space 512K, 0% used [0x00000000d5e80000,0x00000000d5e80000,0x00000000d5f00000)
 ParOldGen       total 401408K, used 401280K [0x0000000080000000, 0x0000000098800000, 0x00000000d5580000)
  object space 401408K, 99% used [0x0000000080000000,0x00000000987e0030,0x0000000098800000)
 Metaspace       used 54212K, committed 55488K, reserved 1114112K
  class space    used 5983K, committed 6528K, reserved 1048576K
}
Event: 406.562 GC heap after
{Heap after GC invocations=269 (full 2):
 PSYoungGen      total 5632K, used 160K [0x00000000d5580000, 0x00000000d5f80000, 0x0000000100000000)
  eden space 5120K, 0% used [0x00000000d5580000,0x00000000d5580000,0x00000000d5a80000)
  from space 512K, 31% used [0x00000000d5e80000,0x00000000d5ea8000,0x00000000d5f00000)
  to   space 512K, 0% used [0x00000000d5f00000,0x00000000d5f00000,0x00000000d5f80000)
 ParOldGen       total 401920K, used 401513K [0x0000000080000000, 0x0000000098880000, 0x00000000d5580000)
  object space 401920K, 99% used [0x0000000080000000,0x000000009881a4b0,0x0000000098880000)
 Metaspace       used 54212K, committed 55488K, reserved 1114112K
  class space    used 5983K, committed 6528K, reserved 1048576K
}
Event: 406.791 GC heap before
{Heap before GC invocations=270 (full 2):
 PSYoungGen      total 5632K, used 5280K [0x00000000d5580000, 0x00000000d5f80000, 0x0000000100000000)
  eden space 5120K, 100% used [0x00000000d5580000,0x00000000d5a80000,0x00000000d5a80000)
  from space 512K, 31% used [0x00000000d5e80000,0x00000000d5ea8000,0x00000000d5f00000)
  to   space 512K, 0% used [0x00000000d5f00000,0x00000000d5f00000,0x00000000d5f80000)
 ParOldGen       total 401920K, used 401513K [0x0000000080000000, 0x0000000098880000, 0x00000000d5580000)
  object space 401920K, 99% used [0x0000000080000000,0x000000009881a4b0,0x0000000098880000)
 Metaspace       used 54409K, committed 55680K, reserved 1114112K
  class space    used 6003K, committed 6528K, reserved 1048576K
}
Event: 406.794 GC heap after
{Heap after GC invocations=270 (full 2):
 PSYoungGen      total 5632K, used 224K [0x00000000d5580000, 0x00000000d5f80000, 0x0000000100000000)
  eden space 5120K, 0% used [0x00000000d5580000,0x00000000d5580000,0x00000000d5a80000)
  from space 512K, 43% used [0x00000000d5f00000,0x00000000d5f38000,0x00000000d5f80000)
  to   space 512K, 0% used [0x00000000d5e80000,0x00000000d5e80000,0x00000000d5f00000)
 ParOldGen       total 401920K, used 401585K [0x0000000080000000, 0x0000000098880000, 0x00000000d5580000)
  object space 401920K, 99% used [0x0000000080000000,0x000000009882c4b0,0x0000000098880000)
 Metaspace       used 54409K, committed 55680K, reserved 1114112K
  class space    used 6003K, committed 6528K, reserved 1048576K
}
Event: 406.919 GC heap before
{Heap before GC invocations=271 (full 2):
 PSYoungGen      total 5632K, used 5344K [0x00000000d5580000, 0x00000000d5f80000, 0x0000000100000000)
  eden space 5120K, 100% used [0x00000000d5580000,0x00000000d5a80000,0x00000000d5a80000)
  from space 512K, 43% used [0x00000000d5f00000,0x00000000d5f38000,0x00000000d5f80000)
  to   space 512K, 0% used [0x00000000d5e80000,0x00000000d5e80000,0x00000000d5f00000)
 ParOldGen       total 401920K, used 401585K [0x0000000080000000, 0x0000000098880000, 0x00000000d5580000)
  object space 401920K, 99% used [0x0000000080000000,0x000000009882c4b0,0x0000000098880000)
 Metaspace       used 54679K, committed 55936K, reserved 1114112K
  class space    used 6031K, committed 6592K, reserved 1048576K
}
Event: 406.923 GC heap after
{Heap after GC invocations=271 (full 2):
 PSYoungGen      total 5632K, used 494K [0x00000000d5580000, 0x00000000d5f80000, 0x0000000100000000)
  eden space 5120K, 0% used [0x00000000d5580000,0x00000000d5580000,0x00000000d5a80000)
  from space 512K, 96% used [0x00000000d5e80000,0x00000000d5efb988,0x00000000d5f00000)
  to   space 512K, 0% used [0x00000000d5f00000,0x00000000d5f00000,0x00000000d5f80000)
 ParOldGen       total 402944K, used 402773K [0x0000000080000000, 0x0000000098980000, 0x00000000d5580000)
  object space 402944K, 99% used [0x0000000080000000,0x00000000989557d0,0x0000000098980000)
 Metaspace       used 54679K, committed 55936K, reserved 1114112K
  class space    used 6031K, committed 6592K, reserved 1048576K
}
Event: 407.124 GC heap before
{Heap before GC invocations=272 (full 2):
 PSYoungGen      total 5632K, used 5614K [0x00000000d5580000, 0x00000000d5f80000, 0x0000000100000000)
  eden space 5120K, 100% used [0x00000000d5580000,0x00000000d5a80000,0x00000000d5a80000)
  from space 512K, 96% used [0x00000000d5e80000,0x00000000d5efb988,0x00000000d5f00000)
  to   space 512K, 0% used [0x00000000d5f00000,0x00000000d5f00000,0x00000000d5f80000)
 ParOldGen       total 402944K, used 402773K [0x0000000080000000, 0x0000000098980000, 0x00000000d5580000)
  object space 402944K, 99% used [0x0000000080000000,0x00000000989557d0,0x0000000098980000)
 Metaspace       used 55064K, committed 56320K, reserved 1114112K
  class space    used 6085K, committed 6592K, reserved 1048576K
}
Event: 407.126 GC heap after
{Heap after GC invocations=272 (full 2):
 PSYoungGen      total 5632K, used 160K [0x00000000d5580000, 0x00000000d5f80000, 0x0000000100000000)
  eden space 5120K, 0% used [0x00000000d5580000,0x00000000d5580000,0x00000000d5a80000)
  from space 512K, 31% used [0x00000000d5f00000,0x00000000d5f28000,0x00000000d5f80000)
  to   space 1024K, 0% used [0x00000000d5d80000,0x00000000d5d80000,0x00000000d5e80000)
 ParOldGen       total 402944K, used 402877K [0x0000000080000000, 0x0000000098980000, 0x00000000d5580000)
  object space 402944K, 99% used [0x0000000080000000,0x000000009896f7d0,0x0000000098980000)
 Metaspace       used 55064K, committed 56320K, reserved 1114112K
  class space    used 6085K, committed 6592K, reserved 1048576K
}
Event: 407.489 GC heap before
{Heap before GC invocations=273 (full 2):
 PSYoungGen      total 5632K, used 5280K [0x00000000d5580000, 0x00000000d5f80000, 0x0000000100000000)
  eden space 5120K, 100% used [0x00000000d5580000,0x00000000d5a80000,0x00000000d5a80000)
  from space 512K, 31% used [0x00000000d5f00000,0x00000000d5f28000,0x00000000d5f80000)
  to   space 1024K, 0% used [0x00000000d5d80000,0x00000000d5d80000,0x00000000d5e80000)
 ParOldGen       total 402944K, used 402877K [0x0000000080000000, 0x0000000098980000, 0x00000000d5580000)
  object space 402944K, 99% used [0x0000000080000000,0x000000009896f7d0,0x0000000098980000)
 Metaspace       used 55451K, committed 56704K, reserved 1114112K
  class space    used 6134K, committed 6656K, reserved 1048576K
}
Event: 407.492 GC heap after
{Heap after GC invocations=273 (full 2):
 PSYoungGen      total 6144K, used 456K [0x00000000d5580000, 0x00000000d5f80000, 0x0000000100000000)
  eden space 5120K, 0% used [0x00000000d5580000,0x00000000d5580000,0x00000000d5a80000)
  from space 1024K, 44% used [0x00000000d5d80000,0x00000000d5df2338,0x00000000d5e80000)
  to   space 1024K, 0% used [0x00000000d5e80000,0x00000000d5e80000,0x00000000d5f80000)
 ParOldGen       total 403456K, used 403011K [0x0000000080000000, 0x0000000098a00000, 0x00000000d5580000)
  object space 403456K, 99% used [0x0000000080000000,0x0000000098990f28,0x0000000098a00000)
 Metaspace       used 55451K, committed 56704K, reserved 1114112K
  class space    used 6134K, committed 6656K, reserved 1048576K
}
Event: 407.665 GC heap before
{Heap before GC invocations=274 (full 2):
 PSYoungGen      total 6144K, used 5576K [0x00000000d5580000, 0x00000000d5f80000, 0x0000000100000000)
  eden space 5120K, 100% used [0x00000000d5580000,0x00000000d5a80000,0x00000000d5a80000)
  from space 1024K, 44% used [0x00000000d5d80000,0x00000000d5df2338,0x00000000d5e80000)
  to   space 1024K, 0% used [0x00000000d5e80000,0x00000000d5e80000,0x00000000d5f80000)
 ParOldGen       total 403456K, used 403011K [0x0000000080000000, 0x0000000098a00000, 0x00000000d5580000)
  object space 403456K, 99% used [0x0000000080000000,0x0000000098990f28,0x0000000098a00000)
 Metaspace       used 55887K, committed 57152K, reserved 1114112K
  class space    used 6183K, committed 6720K, reserved 1048576K
}
Event: 407.671 GC heap after
{Heap after GC invocations=274 (full 2):
 PSYoungGen      total 6144K, used 1008K [0x00000000d5580000, 0x00000000d6080000, 0x0000000100000000)
  eden space 5120K, 0% used [0x00000000d5580000,0x00000000d5580000,0x00000000d5a80000)
  from space 1024K, 98% used [0x00000000d5e80000,0x00000000d5f7c2f0,0x00000000d5f80000)
  to   space 3072K, 0% used [0x00000000d5a80000,0x00000000d5a80000,0x00000000d5d80000)
 ParOldGen       total 404480K, used 404362K [0x0000000080000000, 0x0000000098b00000, 0x00000000d5580000)
  object space 404480K, 99% used [0x0000000080000000,0x0000000098ae2928,0x0000000098b00000)
 Metaspace       used 55887K, committed 57152K, reserved 1114112K
  class space    used 6183K, committed 6720K, reserved 1048576K
}

Dll operation events (12 events):
Event: 0.023 Loaded shared library c:\Users\alexa\.vscode\extensions\redhat.java-1.55.0-win32-x64\jre\21.0.11-win32-x86_64\bin\java.dll
Event: 0.144 Loaded shared library c:\Users\alexa\.vscode\extensions\redhat.java-1.55.0-win32-x64\jre\21.0.11-win32-x86_64\bin\zip.dll
Event: 0.186 Loaded shared library C:\Users\alexa\.vscode\extensions\redhat.java-1.55.0-win32-x64\jre\21.0.11-win32-x86_64\bin\instrument.dll
Event: 0.198 Loaded shared library C:\Users\alexa\.vscode\extensions\redhat.java-1.55.0-win32-x64\jre\21.0.11-win32-x86_64\bin\net.dll
Event: 0.201 Loaded shared library C:\Users\alexa\.vscode\extensions\redhat.java-1.55.0-win32-x64\jre\21.0.11-win32-x86_64\bin\nio.dll
Event: 0.207 Loaded shared library C:\Users\alexa\.vscode\extensions\redhat.java-1.55.0-win32-x64\jre\21.0.11-win32-x86_64\bin\zip.dll
Event: 0.248 Loaded shared library C:\Users\alexa\.vscode\extensions\redhat.java-1.55.0-win32-x64\jre\21.0.11-win32-x86_64\bin\jimage.dll
Event: 0.412 Loaded shared library c:\Users\alexa\.vscode\extensions\redhat.java-1.55.0-win32-x64\jre\21.0.11-win32-x86_64\bin\verify.dll
Event: 13.490 Loaded shared library C:\Users\alexa\AppData\Roaming\Code\User\globalStorage\redhat.java\1.55.0\config_win\org.eclipse.equinox.launcher\org.eclipse.equinox.launcher.win32.win32.x86_64_1.3.100.v20260613-0559\eclipse_11924.dll
Event: 34.465 Loaded shared library C:\Users\alexa\AppData\Local\Temp\jna-92899843\jna50337559923481902.dll
Event: 405.649 Loaded shared library C:\Users\alexa\.vscode\extensions\redhat.java-1.55.0-win32-x64\jre\21.0.11-win32-x86_64\bin\sunmscapi.dll
Event: 406.055 Loaded shared library C:\Users\alexa\.vscode\extensions\redhat.java-1.55.0-win32-x64\jre\21.0.11-win32-x86_64\bin\extnet.dll

Deoptimization events (20 events):
Event: 408.914 Thread 0x0000021cf774f330 Uncommon trap: trap_request=0xffffff45 fr.pc=0x0000021ca3e31948 relative=0x0000000000000128
Event: 408.914 Thread 0x0000021cf774f330 Uncommon trap: reason=unstable_if action=reinterpret pc=0x0000021ca3e31948 method=java.lang.StringConcatHelper.prepend(J[BLjava/lang/String;)J @ 13 c2
Event: 408.914 Thread 0x0000021cf774f330 DEOPT PACKING pc=0x0000021ca3e31948 sp=0x0000006aea3fe660
Event: 408.914 Thread 0x0000021cf774f330 DEOPT UNPACKING pc=0x0000021ca3743aa2 sp=0x0000006aea3fe630 mode 2
Event: 408.914 Thread 0x0000021cf774f330 Uncommon trap: trap_request=0xffffff45 fr.pc=0x0000021ca3e5b8e0 relative=0x00000000000000c0
Event: 408.914 Thread 0x0000021cf774f330 Uncommon trap: reason=unstable_if action=reinterpret pc=0x0000021ca3e5b8e0 method=java.lang.StringConcatHelper.newString([BJ)Ljava/lang/String; @ 3 c2
Event: 408.914 Thread 0x0000021cf774f330 DEOPT PACKING pc=0x0000021ca3e5b8e0 sp=0x0000006aea3fe7e0
Event: 408.914 Thread 0x0000021cf774f330 DEOPT UNPACKING pc=0x0000021ca3743aa2 sp=0x0000006aea3fe768 mode 2
Event: 408.915 Thread 0x0000021cf774f330 Uncommon trap: trap_request=0xffffff45 fr.pc=0x0000021ca4254474 relative=0x0000000000000294
Event: 408.915 Thread 0x0000021cf774f330 Uncommon trap: reason=unstable_if action=reinterpret pc=0x0000021ca4254474 method=java.lang.String.encodeUTF8(B[BZ)[B @ 2 c2
Event: 408.915 Thread 0x0000021cf774f330 DEOPT PACKING pc=0x0000021ca4254474 sp=0x0000006aea3fe570
Event: 408.915 Thread 0x0000021cf774f330 DEOPT UNPACKING pc=0x0000021ca3743aa2 sp=0x0000006aea3fe488 mode 2
Event: 408.915 Thread 0x0000021cf774f330 Uncommon trap: trap_request=0xffffffde fr.pc=0x0000021ca3db9ad4 relative=0x0000000000000474
Event: 408.915 Thread 0x0000021cf774f330 Uncommon trap: reason=class_check action=maybe_recompile pc=0x0000021ca3db9ad4 method=java.util.AbstractMap.hashCode()I @ 3 c2
Event: 408.915 Thread 0x0000021cf774f330 DEOPT PACKING pc=0x0000021ca3db9ad4 sp=0x0000006aea3fe8f0
Event: 408.915 Thread 0x0000021cf774f330 DEOPT UNPACKING pc=0x0000021ca3743aa2 sp=0x0000006aea3fe898 mode 2
Event: 410.448 Thread 0x0000021cf774f330 Uncommon trap: trap_request=0xffffffde fr.pc=0x0000021ca3db9ad4 relative=0x0000000000000474
Event: 410.448 Thread 0x0000021cf774f330 Uncommon trap: reason=class_check action=maybe_recompile pc=0x0000021ca3db9ad4 method=java.util.AbstractMap.hashCode()I @ 3 c2
Event: 410.448 Thread 0x0000021cf774f330 DEOPT PACKING pc=0x0000021ca3db9ad4 sp=0x0000006aea3fe8f0
Event: 410.448 Thread 0x0000021cf774f330 DEOPT UNPACKING pc=0x0000021ca3743aa2 sp=0x0000006aea3fe898 mode 2

Classes loaded (20 events):
Event: 407.464 Loading class java/util/concurrent/CompletableFuture$UniExceptionally
Event: 407.464 Loading class java/util/concurrent/CompletableFuture$UniExceptionally done
Event: 407.532 Loading class java/util/Collections$SynchronizedRandomAccessList
Event: 407.532 Loading class java/util/Collections$SynchronizedList
Event: 407.532 Loading class java/util/Collections$SynchronizedList done
Event: 407.532 Loading class java/util/Collections$SynchronizedRandomAccessList done
Event: 407.574 Loading class java/util/concurrent/CompletableFuture$Signaller
Event: 407.574 Loading class java/util/concurrent/CompletableFuture$Signaller done
Event: 407.637 Loading class java/util/concurrent/ForkJoinTask$AdaptedCallable
Event: 407.637 Loading class java/util/concurrent/ForkJoinTask$AdaptedCallable done
Event: 408.910 Loading class sun/net/www/http/ChunkedInputStream
Event: 408.910 Loading class sun/net/www/http/ChunkedInputStream done
Event: 408.910 Loading class sun/net/www/protocol/http/HttpURLConnection$HttpInputStream
Event: 408.910 Loading class sun/net/www/protocol/http/HttpURLConnection$HttpInputStream done
Event: 408.912 Loading class java/lang/Throwable$WrappedPrintWriter
Event: 408.912 Loading class java/lang/Throwable$PrintStreamOrWriter
Event: 408.912 Loading class java/lang/Throwable$PrintStreamOrWriter done
Event: 408.912 Loading class java/lang/Throwable$WrappedPrintWriter done
Event: 410.449 Loading class java/security/DigestInputStream
Event: 410.449 Loading class java/security/DigestInputStream done

Classes unloaded (14 events):
Event: 35.248 Thread 0x0000021c990608f0 Unloading class 0x0000021cb11ac800 'java/lang/invoke/LambdaForm$MH+0x0000021cb11ac800'
Event: 35.248 Thread 0x0000021c990608f0 Unloading class 0x0000021cb11ac400 'java/lang/invoke/LambdaForm$MH+0x0000021cb11ac400'
Event: 35.248 Thread 0x0000021c990608f0 Unloading class 0x0000021cb11ac000 'java/lang/invoke/LambdaForm$MH+0x0000021cb11ac000'
Event: 35.248 Thread 0x0000021c990608f0 Unloading class 0x0000021cb11abc00 'java/lang/invoke/LambdaForm$MH+0x0000021cb11abc00'
Event: 35.248 Thread 0x0000021c990608f0 Unloading class 0x0000021cb11ab800 'java/lang/invoke/LambdaForm$BMH+0x0000021cb11ab800'
Event: 35.248 Thread 0x0000021c990608f0 Unloading class 0x0000021cb11ab400 'java/lang/invoke/LambdaForm$DMH+0x0000021cb11ab400'
Event: 35.248 Thread 0x0000021c990608f0 Unloading class 0x0000021cb11aa000 'java/lang/invoke/LambdaForm$DMH+0x0000021cb11aa000'
Event: 36.936 Thread 0x0000021c990608f0 Unloading class 0x0000021cb134a000 'java/lang/invoke/LambdaForm$MH+0x0000021cb134a000'
Event: 36.936 Thread 0x0000021c990608f0 Unloading class 0x0000021cb1349000 'java/lang/invoke/LambdaForm$DMH+0x0000021cb1349000'
Event: 36.936 Thread 0x0000021c990608f0 Unloading class 0x0000021cb1348c00 'java/lang/invoke/LambdaForm$MH+0x0000021cb1348c00'
Event: 36.936 Thread 0x0000021c990608f0 Unloading class 0x0000021cb1342000 'java/lang/invoke/LambdaForm$MH+0x0000021cb1342000'
Event: 36.936 Thread 0x0000021c990608f0 Unloading class 0x0000021cb1341800 'java/lang/invoke/LambdaForm$MH+0x0000021cb1341800'
Event: 36.936 Thread 0x0000021c990608f0 Unloading class 0x0000021cb1340800 'java/lang/invoke/LambdaForm$MH+0x0000021cb1340800'
Event: 36.936 Thread 0x0000021c990608f0 Unloading class 0x0000021cb1340000 'java/lang/invoke/LambdaForm$MH+0x0000021cb1340000'

Classes redefined (0 events):
No events

Internal exceptions (20 events):
Event: 407.172 Thread 0x0000021cf774d8f0 Exception <a 'sun/nio/fs/WindowsException'{0x00000000d563a198}> (0x00000000d563a198) 
thrown [s\src\hotspot\share\prims\jni.cpp, line 520]
Event: 407.172 Thread 0x0000021cf774d8f0 Exception <a 'sun/nio/fs/WindowsException'{0x00000000d563e4d0}> (0x00000000d563e4d0) 
thrown [s\src\hotspot\share\prims\jni.cpp, line 520]
Event: 407.173 Thread 0x0000021cf774d8f0 Exception <a 'sun/nio/fs/WindowsException'{0x00000000d56415a0}> (0x00000000d56415a0) 
thrown [s\src\hotspot\share\prims\jni.cpp, line 520]
Event: 407.173 Thread 0x0000021cf774d8f0 Exception <a 'sun/nio/fs/WindowsException'{0x00000000d5644c20}> (0x00000000d5644c20) 
thrown [s\src\hotspot\share\prims\jni.cpp, line 520]
Event: 407.174 Thread 0x0000021cf774d8f0 Exception <a 'sun/nio/fs/WindowsException'{0x00000000d5647d28}> (0x00000000d5647d28) 
thrown [s\src\hotspot\share\prims\jni.cpp, line 520]
Event: 407.174 Thread 0x0000021cf774d8f0 Exception <a 'sun/nio/fs/WindowsException'{0x00000000d564ac60}> (0x00000000d564ac60) 
thrown [s\src\hotspot\share\prims\jni.cpp, line 520]
Event: 407.175 Thread 0x0000021cf774d8f0 Exception <a 'sun/nio/fs/WindowsException'{0x00000000d564dc98}> (0x00000000d564dc98) 
thrown [s\src\hotspot\share\prims\jni.cpp, line 520]
Event: 407.175 Thread 0x0000021cf774d8f0 Exception <a 'sun/nio/fs/WindowsException'{0x00000000d5650f70}> (0x00000000d5650f70) 
thrown [s\src\hotspot\share\prims\jni.cpp, line 520]
Event: 407.176 Thread 0x0000021cf774d8f0 Exception <a 'sun/nio/fs/WindowsException'{0x00000000d5653d48}> (0x00000000d5653d48) 
thrown [s\src\hotspot\share\prims\jni.cpp, line 520]
Event: 407.177 Thread 0x0000021cf774d8f0 Exception <a 'sun/nio/fs/WindowsException'{0x00000000d565ed70}> (0x00000000d565ed70) 
thrown [s\src\hotspot\share\prims\jni.cpp, line 520]
Event: 407.296 Thread 0x0000021cf7e6df50 Exception <a 'sun/nio/fs/WindowsException'{0x00000000d5769138}> (0x00000000d5769138) 
thrown [s\src\hotspot\share\prims\jni.cpp, line 520]
Event: 407.298 Thread 0x0000021cf7e6df50 Exception <a 'sun/nio/fs/WindowsException'{0x00000000d5769768}> (0x00000000d5769768) 
thrown [s\src\hotspot\share\prims\jni.cpp, line 520]
Event: 407.302 Thread 0x0000021cf7e6df50 Exception <a 'sun/nio/fs/WindowsException'{0x00000000d576d6f8}> (0x00000000d576d6f8) 
thrown [s\src\hotspot\share\prims\jni.cpp, line 520]
Event: 407.302 Thread 0x0000021cf7e6df50 Exception <a 'sun/nio/fs/WindowsException'{0x00000000d576dfc8}> (0x00000000d576dfc8) 
thrown [s\src\hotspot\share\prims\jni.cpp, line 520]
Event: 407.448 Thread 0x0000021cf7e6df50 Exception <a 'sun/nio/fs/WindowsException'{0x00000000d593dde8}> (0x00000000d593dde8) 
thrown [s\src\hotspot\share\prims\jni.cpp, line 520]
Event: 407.448 Thread 0x0000021cf7e6df50 Exception <a 'sun/nio/fs/WindowsException'{0x00000000d593edc8}> (0x00000000d593edc8) 
thrown [s\src\hotspot\share\prims\jni.cpp, line 520]
Event: 407.451 Thread 0x0000021cf7e6df50 Exception <a 'sun/nio/fs/WindowsException'{0x00000000d594a980}> (0x00000000d594a980) 
thrown [s\src\hotspot\share\prims\jni.cpp, line 520]
Event: 407.451 Thread 0x0000021cf7e6df50 Exception <a 'sun/nio/fs/WindowsException'{0x00000000d59574e8}> (0x00000000d59574e8) 
thrown [s\src\hotspot\share\prims\jni.cpp, line 520]
Event: 407.458 Thread 0x0000021cf7e6df50 Exception <a 'java/lang/IncompatibleClassChangeError'{0x00000000d5991518}: Found class java.lang.Object, but interface was expected> (0x00000000d5991518) 
thrown [s\src\hotspot\share\interpreter\linkResolver.cpp, line 840]
Event: 10986.247 Thread 0x0000021cf7e6df50 Exception <a 'java/lang/IncompatibleClassChangeError'{0x00000000d59264f0}: Found class java.lang.Object, but interface was expected> (0x00000000d59264f0) 
thrown [s\src\hotspot\share\interpreter\linkResolver.cpp, line 840]

ZGC Phase Switch (0 events):
No events

VM Operations (20 events):
Event: 3547.511 Executing non-safepoint VM operation: HandshakeAllThreads (HandshakeForDeflation)
Event: 3547.511 Executing non-safepoint VM operation: HandshakeAllThreads (HandshakeForDeflation) done
Event: 3547.511 Executing non-safepoint VM operation: RendezvousGCThreads
Event: 3547.511 Executing non-safepoint VM operation: RendezvousGCThreads done
Event: 3607.570 Executing non-safepoint VM operation: HandshakeAllThreads (HandshakeForDeflation)
Event: 3607.570 Executing non-safepoint VM operation: HandshakeAllThreads (HandshakeForDeflation) done
Event: 3607.570 Executing non-safepoint VM operation: RendezvousGCThreads
Event: 3607.570 Executing non-safepoint VM operation: RendezvousGCThreads done
Event: 3667.709 Executing non-safepoint VM operation: HandshakeAllThreads (HandshakeForDeflation)
Event: 3667.709 Executing non-safepoint VM operation: HandshakeAllThreads (HandshakeForDeflation) done
Event: 3667.709 Executing non-safepoint VM operation: RendezvousGCThreads
Event: 3667.709 Executing non-safepoint VM operation: RendezvousGCThreads done
Event: 3727.735 Executing non-safepoint VM operation: HandshakeAllThreads (HandshakeForDeflation)
Event: 3727.735 Executing non-safepoint VM operation: HandshakeAllThreads (HandshakeForDeflation) done
Event: 3727.735 Executing non-safepoint VM operation: RendezvousGCThreads
Event: 3727.735 Executing non-safepoint VM operation: RendezvousGCThreads done
Event: 10975.342 Executing non-safepoint VM operation: HandshakeAllThreads (HandshakeForDeflation)
Event: 10975.342 Executing non-safepoint VM operation: HandshakeAllThreads (HandshakeForDeflation) done
Event: 10975.342 Executing non-safepoint VM operation: RendezvousGCThreads
Event: 10975.342 Executing non-safepoint VM operation: RendezvousGCThreads done

Memory protections (0 events):
No events

Nmethod flushes (20 events):
Event: 36.947 Thread 0x0000021c990608f0 flushing  nmethod 0x0000021c9c8b9210
Event: 36.947 Thread 0x0000021c990608f0 flushing  nmethod 0x0000021c9c8c5290
Event: 36.947 Thread 0x0000021c990608f0 flushing  nmethod 0x0000021c9c8f6490
Event: 36.947 Thread 0x0000021c990608f0 flushing  nmethod 0x0000021c9c8f7d90
Event: 36.947 Thread 0x0000021c990608f0 flushing  nmethod 0x0000021c9c8f8690
Event: 36.947 Thread 0x0000021c990608f0 flushing  nmethod 0x0000021c9c8f9890
Event: 36.947 Thread 0x0000021c990608f0 flushing  nmethod 0x0000021c9c8fa090
Event: 36.947 Thread 0x0000021c990608f0 flushing  nmethod 0x0000021c9c8fbd90
Event: 36.947 Thread 0x0000021c990608f0 flushing  nmethod 0x0000021c9c8fc290
Event: 36.947 Thread 0x0000021c990608f0 flushing  nmethod 0x0000021c9c8fce10
Event: 36.947 Thread 0x0000021c990608f0 flushing  nmethod 0x0000021c9c8fd610
Event: 36.947 Thread 0x0000021c990608f0 flushing  nmethod 0x0000021c9c8fe310
Event: 36.947 Thread 0x0000021c990608f0 flushing  nmethod 0x0000021c9c8fef90
Event: 36.947 Thread 0x0000021c990608f0 flushing  nmethod 0x0000021c9c8ff910
Event: 36.947 Thread 0x0000021c990608f0 flushing  nmethod 0x0000021c9c901490
Event: 36.947 Thread 0x0000021c990608f0 flushing  nmethod 0x0000021c9c949490
Event: 36.947 Thread 0x0000021c990608f0 flushing  nmethod 0x0000021c9c949b90
Event: 36.947 Thread 0x0000021c990608f0 flushing  nmethod 0x0000021c9c94e910
Event: 36.947 Thread 0x0000021c990608f0 flushing  nmethod 0x0000021c9c95a510
Event: 36.947 Thread 0x0000021c990608f0 flushing  nmethod 0x0000021c9c9df590

Events (20 events):
Event: 407.274 Thread 0x0000021cf774f330 Thread added: 0x0000021cf774cbd0
Event: 407.310 Thread 0x0000021cf774cbd0 Thread exited: 0x0000021cf774cbd0
Event: 407.463 Thread 0x0000021cf7e6df50 Thread added: 0x0000021cf774cbd0
Event: 407.473 Thread 0x0000021cf774cbd0 Thread added: 0x0000021cf774d260
Event: 407.638 Thread 0x0000021cf7e713d0 Thread added: 0x0000021cf7e706b0
Event: 407.640 Thread 0x0000021cf7e706b0 Thread added: 0x0000021cf66adb90
Event: 407.977 Thread 0x0000021cf7e9f940 Thread exited: 0x0000021cf7e9f940
Event: 408.397 Thread 0x0000021cf774f330 Thread added: 0x0000021cf66ac150
Event: 408.399 Thread 0x0000021cf66ac150 Thread exited: 0x0000021cf66ac150
Event: 409.234 Thread 0x0000021cf774f330 Thread added: 0x0000021cf66ac7e0
Event: 409.236 Thread 0x0000021cf66ac7e0 Thread exited: 0x0000021cf66ac7e0
Event: 409.813 Thread 0x0000021cf774f330 Thread added: 0x0000021cf66aa710
Event: 409.813 Thread 0x0000021cf66aa710 Thread exited: 0x0000021cf66aa710
Event: 467.627 Thread 0x0000021cf7e720f0 Thread exited: 0x0000021cf7e720f0
Event: 468.082 Thread 0x0000021cf774cbd0 Thread exited: 0x0000021cf774cbd0
Event: 470.452 Thread 0x0000021cf774f330 Thread exited: 0x0000021cf774f330
Event: 527.642 Thread 0x0000021cf774d8f0 Thread exited: 0x0000021cf774d8f0
Event: 528.083 Thread 0x0000021cf774d260 Thread exited: 0x0000021cf774d260
Event: 707.738 Thread 0x0000021cf7e706b0 Thread exited: 0x0000021cf7e706b0
Event: 1007.738 Thread 0x0000021cf66adb90 Thread exited: 0x0000021cf66adb90


Dynamic libraries:
0x00007ff7a1180000 - 0x00007ff7a118e000 	c:\Users\alexa\.vscode\extensions\redhat.java-1.55.0-win32-x64\jre\21.0.11-win32-x86_64\bin\java.exe
0x00007fffa7040000 - 0x00007fffa72a6000 	C:\WINDOWS\SYSTEM32\ntdll.dll
0x00007fffa4eb0000 - 0x00007fffa4f79000 	C:\WINDOWS\System32\KERNEL32.DLL
0x00007fffa4740000 - 0x00007fffa4b3f000 	C:\WINDOWS\System32\KERNELBASE.dll
0x00007fffa45e0000 - 0x00007fffa472c000 	C:\WINDOWS\System32\ucrtbase.dll
0x00007fff9ea90000 - 0x00007fff9eaa8000 	c:\Users\alexa\.vscode\extensions\redhat.java-1.55.0-win32-x64\jre\21.0.11-win32-x86_64\bin\jli.dll
0x00007fffa63c0000 - 0x00007fffa6586000 	C:\WINDOWS\System32\USER32.dll
0x00007fffa4310000 - 0x00007fffa4337000 	C:\WINDOWS\System32\win32u.dll
0x00007fffa6610000 - 0x00007fffa663b000 	C:\WINDOWS\System32\GDI32.dll
0x00007fffa4400000 - 0x00007fffa4529000 	C:\WINDOWS\System32\gdi32full.dll
0x00007fffa4530000 - 0x00007fffa45d3000 	C:\WINDOWS\System32\msvcp_win.dll
0x00007fff9ad30000 - 0x00007fff9ad4e000 	c:\Users\alexa\.vscode\extensions\redhat.java-1.55.0-win32-x64\jre\21.0.11-win32-x86_64\bin\VCRUNTIME140.dll
0x00007fff93e30000 - 0x00007fff940c1000 	C:\WINDOWS\WinSxS\amd64_microsoft.windows.common-controls_6595b64144ccf1df_6.0.26100.8972_none_3e0da176e32f9d4b\COMCTL32.dll
0x00007fffa6920000 - 0x00007fffa69c9000 	C:\WINDOWS\System32\msvcrt.dll
0x00007fffa67e0000 - 0x00007fffa6812000 	C:\WINDOWS\System32\IMM32.DLL
0x00007fffa0a50000 - 0x00007fffa0a5c000 	c:\Users\alexa\.vscode\extensions\redhat.java-1.55.0-win32-x64\jre\21.0.11-win32-x86_64\bin\vcruntime140_1.dll
0x00007fff83b30000 - 0x00007fff83bbd000 	c:\Users\alexa\.vscode\extensions\redhat.java-1.55.0-win32-x64\jre\21.0.11-win32-x86_64\bin\msvcp140.dll
0x00007fff02680000 - 0x00007fff03422000 	c:\Users\alexa\.vscode\extensions\redhat.java-1.55.0-win32-x64\jre\21.0.11-win32-x86_64\bin\server\jvm.dll
0x00007fffa4f80000 - 0x00007fffa503c000 	C:\WINDOWS\System32\ADVAPI32.dll
0x00007fffa4d70000 - 0x00007fffa4e1a000 	C:\WINDOWS\System32\sechost.dll
0x00007fffa5d20000 - 0x00007fffa5e38000 	C:\WINDOWS\System32\RPCRT4.dll
0x00007fffa4e20000 - 0x00007fffa4ea2000 	C:\WINDOWS\System32\WS2_32.dll
0x00007fffa40d0000 - 0x00007fffa412e000 	C:\WINDOWS\SYSTEM32\POWRPROF.dll
0x00007fff9cb40000 - 0x00007fff9cb76000 	C:\WINDOWS\SYSTEM32\WINMM.dll
0x00007fff9cb80000 - 0x00007fff9cb8b000 	C:\WINDOWS\SYSTEM32\VERSION.dll
0x00007fffa40b0000 - 0x00007fffa40c5000 	C:\WINDOWS\SYSTEM32\UMPDC.dll
0x00007fffa2f40000 - 0x00007fffa2f5b000 	C:\WINDOWS\SYSTEM32\kernel.appcore.dll
0x00007fff9eb60000 - 0x00007fff9eb6a000 	c:\Users\alexa\.vscode\extensions\redhat.java-1.55.0-win32-x64\jre\21.0.11-win32-x86_64\bin\jimage.dll
0x00007fffa1860000 - 0x00007fffa1aa2000 	C:\WINDOWS\SYSTEM32\DBGHELP.DLL
0x00007fffa5e70000 - 0x00007fffa61f5000 	C:\WINDOWS\System32\combase.dll
0x00007fffa5ad0000 - 0x00007fffa5ba9000 	C:\WINDOWS\System32\OLEAUT32.dll
0x00007fff8dfa0000 - 0x00007fff8dfdb000 	C:\WINDOWS\SYSTEM32\dbgcore.DLL
0x00007fffa4250000 - 0x00007fffa42fc000 	C:\WINDOWS\System32\bcryptPrimitives.dll
0x00007fff9e3b0000 - 0x00007fff9e3bf000 	c:\Users\alexa\.vscode\extensions\redhat.java-1.55.0-win32-x64\jre\21.0.11-win32-x86_64\bin\instrument.dll
0x00007fff923e0000 - 0x00007fff92400000 	c:\Users\alexa\.vscode\extensions\redhat.java-1.55.0-win32-x64\jre\21.0.11-win32-x86_64\bin\java.dll
0x00007fffa5090000 - 0x00007fffa5818000 	C:\WINDOWS\System32\SHELL32.dll
0x00007fffa1cf0000 - 0x00007fffa258b000 	C:\WINDOWS\SYSTEM32\windows.storage.dll
0x00007fffa6820000 - 0x00007fffa6919000 	C:\WINDOWS\System32\SHCORE.dll
0x00007fffa65a0000 - 0x00007fffa6606000 	C:\WINDOWS\System32\shlwapi.dll
0x00007fffa4170000 - 0x00007fffa4199000 	C:\WINDOWS\SYSTEM32\profapi.dll
0x00007fff8c760000 - 0x00007fff8c778000 	c:\Users\alexa\.vscode\extensions\redhat.java-1.55.0-win32-x64\jre\21.0.11-win32-x86_64\bin\zip.dll
0x00007fff9eaf0000 - 0x00007fff9eb00000 	C:\Users\alexa\.vscode\extensions\redhat.java-1.55.0-win32-x64\jre\21.0.11-win32-x86_64\bin\net.dll
0x00007fff9ac00000 - 0x00007fff9ad28000 	C:\WINDOWS\SYSTEM32\WINHTTP.dll
0x00007fffa34f0000 - 0x00007fffa355c000 	C:\WINDOWS\system32\mswsock.dll
0x00007fff8c740000 - 0x00007fff8c756000 	C:\Users\alexa\.vscode\extensions\redhat.java-1.55.0-win32-x64\jre\21.0.11-win32-x86_64\bin\nio.dll
0x00007fff94580000 - 0x00007fff94590000 	c:\Users\alexa\.vscode\extensions\redhat.java-1.55.0-win32-x64\jre\21.0.11-win32-x86_64\bin\verify.dll
0x00007fff80340000 - 0x00007fff80385000 	C:\Users\alexa\AppData\Roaming\Code\User\globalStorage\redhat.java\1.55.0\config_win\org.eclipse.equinox.launcher\org.eclipse.equinox.launcher.win32.win32.x86_64_1.3.100.v20260613-0559\eclipse_11924.dll
0x00007fffa6640000 - 0x00007fffa67d9000 	C:\WINDOWS\System32\ole32.dll
0x00007fffa37e0000 - 0x00007fffa37fb000 	C:\WINDOWS\SYSTEM32\CRYPTSP.dll
0x00007fffa2ea0000 - 0x00007fffa2ed9000 	C:\WINDOWS\system32\rsaenh.dll
0x00007fffa35a0000 - 0x00007fffa35d2000 	C:\WINDOWS\SYSTEM32\USERENV.dll
0x00007fffa4140000 - 0x00007fffa416a000 	C:\WINDOWS\SYSTEM32\bcrypt.dll
0x00007fffa3800000 - 0x00007fffa380c000 	C:\WINDOWS\SYSTEM32\CRYPTBASE.dll
0x00007fffa2910000 - 0x00007fffa2943000 	C:\WINDOWS\SYSTEM32\IPHLPAPI.DLL
0x00007fffa6590000 - 0x00007fffa659a000 	C:\WINDOWS\System32\NSI.dll
0x00007fff75720000 - 0x00007fff75769000 	C:\Users\alexa\AppData\Local\Temp\jna-92899843\jna50337559923481902.dll
0x00007fffa5080000 - 0x00007fffa5088000 	C:\WINDOWS\System32\PSAPI.DLL
0x00007fff9a3a0000 - 0x00007fff9a3bd000 	C:\WINDOWS\SYSTEM32\dhcpcsvc6.DLL
0x00007fff9a370000 - 0x00007fff9a395000 	C:\WINDOWS\SYSTEM32\dhcpcsvc.DLL
0x00007fff9ea80000 - 0x00007fff9ea8e000 	C:\Users\alexa\.vscode\extensions\redhat.java-1.55.0-win32-x64\jre\21.0.11-win32-x86_64\bin\sunmscapi.dll
0x00007fffa4be0000 - 0x00007fffa4d5e000 	C:\WINDOWS\System32\CRYPT32.dll
0x00007fffa3a20000 - 0x00007fffa3a50000 	C:\WINDOWS\SYSTEM32\ncrypt.dll
0x00007fffa39d0000 - 0x00007fffa3a0f000 	C:\WINDOWS\SYSTEM32\NTASN1.dll
0x00007fffa29b0000 - 0x00007fffa2b08000 	C:\WINDOWS\SYSTEM32\DNSAPI.dll
0x00007fffa32f0000 - 0x00007fffa32fd000 	C:\WINDOWS\SYSTEM32\DSPARSE.dll
0x00007fff9a210000 - 0x00007fff9a21b000 	C:\Windows\System32\rasadhlp.dll
0x00007fff998f0000 - 0x00007fff99976000 	C:\WINDOWS\System32\fwpuclnt.dll
0x00007fff9ea30000 - 0x00007fff9ea39000 	C:\Users\alexa\.vscode\extensions\redhat.java-1.55.0-win32-x64\jre\21.0.11-win32-x86_64\bin\extnet.dll

JVMTI agents:
c:\Users\alexa\.vscode\extensions\redhat.java-1.55.0-win32-x64\lombok\lombok-1.18.39-4050.jar path:c:\Users\alexa\.vscode\extensions\redhat.java-1.55.0-win32-x64\jre\21.0.11-win32-x86_64\bin\instrument.dll, loaded, initialized, instrumentlib options:none

dbghelp: loaded successfully - version: 4.0.5 - missing functions: none
symbol engine: initialized successfully - sym options: 0x614 - pdb path: .;c:\Users\alexa\.vscode\extensions\redhat.java-1.55.0-win32-x64\jre\21.0.11-win32-x86_64\bin;C:\WINDOWS\SYSTEM32;C:\WINDOWS\WinSxS\amd64_microsoft.windows.common-controls_6595b64144ccf1df_6.0.26100.8972_none_3e0da176e32f9d4b;c:\Users\alexa\.vscode\extensions\redhat.java-1.55.0-win32-x64\jre\21.0.11-win32-x86_64\bin\server;C:\Users\alexa\AppData\Roaming\Code\User\globalStorage\redhat.java\1.55.0\config_win\org.eclipse.equinox.launcher\org.eclipse.equinox.launcher.win32.win32.x86_64_1.3.100.v20260613-0559;C:\Users\alexa\AppData\Local\Temp\jna-92899843

VM Arguments:
jvm_args: --add-modules=ALL-SYSTEM --add-opens=java.base/java.util=ALL-UNNAMED --add-opens=java.base/java.lang=ALL-UNNAMED --add-opens=java.base/sun.nio.fs=ALL-UNNAMED -Declipse.application=org.eclipse.jdt.ls.core.id1 -Dosgi.bundles.defaultStartLevel=4 -Declipse.product=org.eclipse.jdt.ls.core.product -Djava.import.generatesMetadataFilesAtProjectRoot=false -DDetectVMInstallationsJob.disabled=true -Dfile.encoding=utf8 -XX:+UseParallelGC -XX:GCTimeRatio=4 -XX:AdaptiveSizePolicyWeight=90 -Dsun.zip.disableMemoryMapping=true -Xmx2G -Xms100m -Xlog:disable -javaagent:c:\Users\alexa\.vscode\extensions\redhat.java-1.55.0-win32-x64\lombok\lombok-1.18.39-4050.jar -XX:+HeapDumpOnOutOfMemoryError -XX:HeapDumpPath=c:\Users\alexa\AppData\Roaming\Code\User\workspaceStorage\a1ba852762d60c4520a3fdfa25685a51\redhat.java -Daether.dependencyCollector.impl=bf 
java_command: c:\Users\alexa\.vscode\extensions\redhat.java-1.55.0-win32-x64\server\plugins\org.eclipse.equinox.launcher_1.7.200.v20260619-2039.jar -configuration c:\Users\alexa\AppData\Roaming\Code\User\globalStorage\redhat.java\1.55.0\config_win -data c:\Users\alexa\AppData\Roaming\Code\User\workspaceStorage\a1ba852762d60c4520a3fdfa25685a51\redhat.java\jdt_ws --pipe=\\.\pipe\lsp-8428c267a64ae0cdbd18ccc5e6d17185-sock
java_class_path (initial): c:\Users\alexa\.vscode\extensions\redhat.java-1.55.0-win32-x64\server\plugins\org.eclipse.equinox.launcher_1.7.200.v20260619-2039.jar
Launcher Type: SUN_STANDARD

[Global flags]
    uintx AdaptiveSizePolicyWeight                 = 90                                        {product} {command line}
     intx CICompilerCount                          = 3                                         {product} {ergonomic}
    uintx GCTimeRatio                              = 4                                         {product} {command line}
     bool HeapDumpOnOutOfMemoryError               = true                                   {manageable} {command line}
    ccstr HeapDumpPath                             = c:\Users\alexa\AppData\Roaming\Code\User\workspaceStorage\a1ba852762d60c4520a3fdfa25685a51\redhat.java         {manageable} {command line}
   size_t InitialHeapSize                          = 104857600                                 {product} {command line}
   size_t MaxHeapSize                              = 2147483648                                {product} {command line}
   size_t MaxNewSize                               = 715653120                                 {product} {ergonomic}
   size_t MinHeapDeltaBytes                        = 524288                                    {product} {ergonomic}
   size_t MinHeapSize                              = 104857600                                 {product} {command line}
   size_t NewSize                                  = 34603008                                  {product} {ergonomic}
    uintx NonNMethodCodeHeapSize                   = 5832780                                {pd product} {ergonomic}
    uintx NonProfiledCodeHeapSize                  = 122912730                              {pd product} {ergonomic}
   size_t OldSize                                  = 70254592                                  {product} {ergonomic}
    uintx ProfiledCodeHeapSize                     = 122912730                              {pd product} {ergonomic}
    uintx ReservedCodeCacheSize                    = 251658240                              {pd product} {ergonomic}
     bool SegmentedCodeCache                       = true                                      {product} {ergonomic}
   size_t SoftMaxHeapSize                          = 2147483648                             {manageable} {ergonomic}
     bool UseCompressedOops                        = true                           {product lp64_product} {ergonomic}
     bool UseLargePagesIndividualAllocation        = false                                  {pd product} {ergonomic}
     bool UseParallelGC                            = true                                      {product} {command line}

Logging:
Log output configuration:
 #0: stdout all=off uptime,level,tags foldmultilines=false
 #1: stderr all=off uptime,level,tags foldmultilines=false

Release file:
JAVA_VERSION="21.0.11" 
MODULES="java.base java.compiler java.datatransfer java.xml java.prefs java.desktop java.instrument java.logging java.management java.security.sasl java.naming java.rmi java.management.rmi java.net.http java.scripting java.security.jgss java.transaction.xa java.sql java.sql.rowset java.xml.crypto java.se java.smartcardio jdk.accessibility jdk.internal.jvmstat jdk.attach jdk.charsets jdk.internal.opt jdk.zipfs jdk.compiler jdk.crypto.ec jdk.crypto.cryptoki jdk.crypto.mscapi jdk.dynalink jdk.internal.ed jdk.editpad jdk.hotspot.agent jdk.httpserver jdk.internal.le jdk.internal.vm.ci jdk.internal.vm.compiler jdk.internal.vm.compiler.management jdk.jartool jdk.javadoc jdk.jcmd jdk.management jdk.management.agent jdk.jconsole jdk.jdeps jdk.jdwp.agent jdk.jdi jdk.jfr jdk.jshell jdk.jsobject jdk.jstatd jdk.localedata jdk.management.jfr jdk.naming.dns jdk.naming.rmi jdk.net jdk.nio.mapmode jdk.random jdk.sctp jdk.security.auth jdk.security.jgss jdk.unsupported jdk.unsupported.desktop jdk.xml.dom" 

Environment Variables:
JAVA_HOME=C:\Program Files\Java\jdk-19\bin
CLASSPATH=.;C:\Program Files\Java\jdk-22\lib\antlr\antlr-4.13.1-complete.jar
PATH=C:\Python313\Scripts\;C:\Python313\;C:\Program Files\Common Files\Oracle\Java\javapath;C:\WINDOWS\system32;C:\WINDOWS;C:\WINDOWS\System32\Wbem;C:\WINDOWS\System32\WindowsPowerShell\v1.0\;C:\WINDOWS\System32\OpenSSH\;C:\Program Files\dotnet\;C:\Program Files\CodeBlocks\MinGW\bin;C:\ProgramData\chocolatey\bin;C:\Program Files\Git\cmd;C:\Program Files\nodejs\;C:\Users\alexa\AppData\Local\Programs\Python\Launcher\;C:\Users\alexa\AppData\Local\Programs\Python\Python311\Scripts\;C:\Users\alexa\AppData\Local\Programs\Python\Python311\;C:\Users\alexa\AppData\Local\Microsoft\WindowsApps;C:\Users\alexa\AppData\Local\Programs\Microsoft VS Code\bin;C:\Program Files\Java\jdk-22\bin;C:\Program Files (x86)\MongoDB Atlas CLI\;C:\Users\alexa\AppData\Roaming\cabal\bin;C:\tools\ghc-9.8.1\bin;C:\tools\msys64;C:\Users\alexa\AppData\Roaming\npm;C:\Users\alexa\.dotnet\tools
USERNAME=alexa
OS=Windows_NT
PROCESSOR_IDENTIFIER=AMD64 Family 23 Model 24 Stepping 1, AuthenticAMD
TMP=C:\Users\alexa\AppData\Local\Temp
TEMP=C:\Users\alexa\AppData\Local\Temp




Periodic native trim disabled

---------------  S Y S T E M  ---------------

OS:
 Windows 11 , 64 bit Build 26100 (10.0.26100.9168)
OS uptime: 0 days 7:33 hours
Hyper-V role detected

CPU: total 4 (initial active 4) (4 cores per cpu, 2 threads per core) family 23 model 24 stepping 1 microcode 0x8108109, cx8, cmov, fxsr, ht, mmx, 3dnowpref, sse, sse2, sse3, ssse3, sse4a, sse4.1, sse4.2, popcnt, lzcnt, tsc, tscinvbit, avx, avx2, aes, clmul, bmi1, bmi2, adx, sha, fma, vzeroupper, clflush, clflushopt, hv, rdtscp, f16c
Processor Information for the first 4 processors :
  Max Mhz: 2600, Current Mhz: 2600, Mhz Limit: 2600

Memory: 4k page, system-wide physical 18381M (6047M free)
TotalPageFile size 18381M (AvailPageFile size 83M)
current process WorkingSet (physical memory assigned to process): 693M, peak: 729M
current process commit charge ("private bytes"): 631M, peak: 659M

vm_info: OpenJDK 64-Bit Server VM (21.0.11+10-LTS) for windows-amd64 JRE (21.0.11+10-LTS), built on 2026-04-21T00:00:00Z by "admin" with MS VC++ 17.12 (VS2022)

END.
